******************************************************************************
                  TI ARM Linker PC v20.2.7                     
******************************************************************************
>> Linked Fri May  8 23:05:48 2026

OUTPUT FILE NAME:   <ece_528_Black_Jack.out>
ENTRY POINT SYMBOL: "_c_int00_noargs"  address: 00000911


MEMORY CONFIGURATION

         name            origin    length      used     unused   attr    fill
----------------------  --------  ---------  --------  --------  ----  --------
  MAIN                  00000000   00040000  00000980  0003f680  R  X
  INFO                  00200000   00004000  00000000  00004000  R  X
  SRAM_CODE             01000000   00010000  00000204  0000fdfc  RW X
  SRAM_DATA             20000000   00010000  00000204  0000fdfc  RW  


SEGMENT ALLOCATION MAP

run origin  load origin   length   init length attrs members
----------  ----------- ---------- ----------- ----- -------
00000000    00000000    00000980   00000980    r-x
  00000000    00000000    000000e4   000000e4    r-- .intvecs
  000000e4    000000e4    00000884   00000884    r-x .text
  00000968    00000968    00000018   00000018    r-- .cinit
20000000    20000000    00000004   00000000    rw-
  20000000    20000000    00000004   00000000    rw- .data
2000fe00    2000fe00    00000200   00000000    rw-
  2000fe00    2000fe00    00000200   00000000    rw- .stack


SECTION ALLOCATION MAP

 output                                  attributes/
section   page    origin      length       input sections
--------  ----  ----------  ----------   ----------------
.intvecs   0    00000000    000000e4     
                  00000000    000000e4     startup_msp432p401r_ccs.obj (.intvecs:retain)

.text      0    000000e4    00000884     
                  000000e4    00000334     system_msp432p401r.obj (.text)
                  00000418    0000032c     EUSCI_B1_I2C.obj (.text)
                  00000744    0000009c     rtsv7M4_T_le_v4SPD16_eabi.lib : memcpy_t2.asm.obj (.text)
                  000007e0    00000084     main.obj (.text)
                  00000864    00000068     rtsv7M4_T_le_v4SPD16_eabi.lib : copy_decompress_lzss.c.obj (.text:decompress:lzss:__TI_decompress_lzss)
                  000008cc    00000044                                   : autoinit.c.obj (.text:__TI_auto_init_nobinit_nopinit:__TI_auto_init_nobinit_nopinit)
                  00000910    00000034                                   : boot_cortex_m.c.obj (.text:_c_int00_noargs:_c_int00_noargs)
                  00000944    0000000e                                   : copy_decompress_none.c.obj (.text:decompress:none:__TI_decompress_none)
                  00000952    0000000e     startup_msp432p401r_ccs.obj (.text)
                  00000960    00000004     rtsv7M4_T_le_v4SPD16_eabi.lib : pre_init.c.obj (.text:_system_pre_init)
                  00000964    00000004                                   : exit.c.obj (.text:abort:abort)

.cinit     0    00000968    00000018     
                  00000968    00000008     (.cinit..data.load) [load image, compression = lzss]
                  00000970    00000008     (__TI_handler_table)
                  00000978    00000008     (__TI_cinit_table)

.init_array 
*          0    00000000    00000000     UNINITIALIZED

.binit     0    00000000    00000000     

.data      0    20000000    00000004     UNINITIALIZED
                  20000000    00000004     system_msp432p401r.obj (.data)

.stack     0    2000fe00    00000200     UNINITIALIZED
                  2000fe00    00000004     rtsv7M4_T_le_v4SPD16_eabi.lib : boot_cortex_m.c.obj (.stack)
                  2000fe04    000001fc     --HOLE--

__llvm_prf_cnts 
*          0    20000000    00000000     UNINITIALIZED

MODULE SUMMARY

       Module                        code   ro data   rw data
       ------                        ----   -------   -------
    .\
       system_msp432p401r.obj        820    0         8      
       EUSCI_B1_I2C.obj              812    0         0      
       startup_msp432p401r_ccs.obj   14     228       0      
       main.obj                      132    0         0      
    +--+-----------------------------+------+---------+---------+
       Total:                        1778   228       8      
                                                             
    C:\ti\ccs1260\ccs\tools\compiler\ti-cgt-arm_20.2.7.LTS\lib\rtsv7M4_T_le_v4SPD16_eabi.lib
       memcpy_t2.asm.obj             156    0         0      
       copy_decompress_lzss.c.obj    104    0         0      
       autoinit.c.obj                68     0         0      
       boot_cortex_m.c.obj           52     0         0      
       copy_decompress_none.c.obj    14     0         0      
       exit.c.obj                    4      0         0      
       pre_init.c.obj                4      0         0      
    +--+-----------------------------+------+---------+---------+
       Total:                        402    0         0      
                                                             
       Stack:                        0      0         1024   
       Linker Generated:             0      24        0      
    +--+-----------------------------+------+---------+---------+
       Grand Total:                  2180   252       1032   


LINKER GENERATED COPY TABLES

__TI_cinit_table @ 00000978 records: 1, size/record: 8, table size: 8
	.data: load addr=00000968, load size=00000008 bytes, run addr=20000000, run size=00000004 bytes, compression=lzss


LINKER GENERATED HANDLER TABLE

__TI_handler_table @ 00000970 records: 2, size/record: 4, table size: 8
	index: 0, handler: __TI_decompress_lzss
	index: 1, handler: __TI_decompress_none


GLOBAL SYMBOLS: SORTED ALPHABETICALLY BY Name 

address   name                               
-------   ----                               
0000095f  ADC14_IRQHandler                   
0000095f  AES256_IRQHandler                  
0000095f  BusFault_Handler                   
00000965  C$$EXIT                            
0000095f  COMP_E0_IRQHandler                 
0000095f  COMP_E1_IRQHandler                 
0000095f  CS_IRQHandler                      
UNDEFED   Clock_Delay1ms                     
0000095f  DMA_ERR_IRQHandler                 
0000095f  DMA_INT0_IRQHandler                
0000095f  DMA_INT1_IRQHandler                
0000095f  DMA_INT2_IRQHandler                
0000095f  DMA_INT3_IRQHandler                
0000095f  DebugMon_Handler                   
0000095f  Default_Handler                    
0000095f  EUSCIA0_IRQHandler                 
0000095f  EUSCIA1_IRQHandler                 
0000095f  EUSCIA2_IRQHandler                 
0000095f  EUSCIA3_IRQHandler                 
0000095f  EUSCIB0_IRQHandler                 
0000095f  EUSCIB1_IRQHandler                 
0000095f  EUSCIB2_IRQHandler                 
0000095f  EUSCIB3_IRQHandler                 
00000419  EUSCI_B1_I2C_Init                  
0000059f  EUSCI_B1_I2C_Receive_A_Byte        
000005f7  EUSCI_B1_I2C_Receive_Multiple_Bytes
000004cb  EUSCI_B1_I2C_Send_A_Byte           
00000527  EUSCI_B1_I2C_Send_Multiple_Bytes   
0000095f  FLCTL_IRQHandler                   
0000095f  FPU_IRQHandler                     
0000095f  HardFault_Handler                  
0000095f  MemManage_Handler                  
0000095f  NMI_Handler                        
0000069b  OV7670_Init_Sequence               
0000066f  OV7670_Write_Reg                   
0000095f  PCM_IRQHandler                     
0000095f  PORT1_IRQHandler                   
0000095f  PORT2_IRQHandler                   
0000095f  PORT3_IRQHandler                   
0000095f  PORT4_IRQHandler                   
0000095f  PORT5_IRQHandler                   
0000095f  PORT6_IRQHandler                   
0000095f  PSS_IRQHandler                     
0000095f  PendSV_Handler                     
0000095f  RTC_C_IRQHandler                   
00000953  Reset_Handler                      
0000095f  SVC_Handler                        
000007e1  Setup_XCLK                         
0000095f  SysTick_Handler                    
20000000  SystemCoreClock                    
000000e5  SystemCoreClockUpdate              
0000035d  SystemInit                         
0000095f  T32_INT1_IRQHandler                
0000095f  T32_INT2_IRQHandler                
0000095f  T32_INTC_IRQHandler                
0000095f  TA0_0_IRQHandler                   
0000095f  TA0_N_IRQHandler                   
0000095f  TA1_0_IRQHandler                   
0000095f  TA1_N_IRQHandler                   
0000095f  TA2_0_IRQHandler                   
0000095f  TA2_N_IRQHandler                   
0000095f  TA3_0_IRQHandler                   
0000095f  TA3_N_IRQHandler                   
0000095f  UsageFault_Handler                 
4000480c  WDTCTL_SYM                         
0000095f  WDT_A_IRQHandler                   
20010000  __STACK_END                        
00000200  __STACK_SIZE                       
00000978  __TI_CINIT_Base                    
00000980  __TI_CINIT_Limit                   
00000970  __TI_Handler_Table_Base            
00000978  __TI_Handler_Table_Limit           
000008cd  __TI_auto_init_nobinit_nopinit     
00000865  __TI_decompress_lzss               
00000945  __TI_decompress_none               
ffffffff  __TI_pprof_out_hndl                
ffffffff  __TI_prof_data_size                
ffffffff  __TI_prof_data_start               
00000000  __TI_static_base__                 
00000745  __aeabi_memcpy                     
00000745  __aeabi_memcpy4                    
00000745  __aeabi_memcpy8                    
ffffffff  __binit__                          
ffffffff  __c_args__                         
UNDEFED   __mpu_init                         
2000fe00  __stack                            
20000000  __start___llvm_prf_cnts            
20000000  __stop___llvm_prf_cnts             
00000911  _c_int00_noargs                    
UNDEFED   _system_post_cinit                 
00000961  _system_pre_init                   
00000965  abort                              
ffffffff  binit                              
00000000  interruptVectors                   
00000817  main                               
00000745  memcpy                             


GLOBAL SYMBOLS: SORTED BY Symbol Address 

address   name                               
-------   ----                               
00000000  __TI_static_base__                 
00000000  interruptVectors                   
000000e5  SystemCoreClockUpdate              
00000200  __STACK_SIZE                       
0000035d  SystemInit                         
00000419  EUSCI_B1_I2C_Init                  
000004cb  EUSCI_B1_I2C_Send_A_Byte           
00000527  EUSCI_B1_I2C_Send_Multiple_Bytes   
0000059f  EUSCI_B1_I2C_Receive_A_Byte        
000005f7  EUSCI_B1_I2C_Receive_Multiple_Bytes
0000066f  OV7670_Write_Reg                   
0000069b  OV7670_Init_Sequence               
00000745  __aeabi_memcpy                     
00000745  __aeabi_memcpy4                    
00000745  __aeabi_memcpy8                    
00000745  memcpy                             
000007e1  Setup_XCLK                         
00000817  main                               
00000865  __TI_decompress_lzss               
000008cd  __TI_auto_init_nobinit_nopinit     
00000911  _c_int00_noargs                    
00000945  __TI_decompress_none               
00000953  Reset_Handler                      
0000095f  ADC14_IRQHandler                   
0000095f  AES256_IRQHandler                  
0000095f  BusFault_Handler                   
0000095f  COMP_E0_IRQHandler                 
0000095f  COMP_E1_IRQHandler                 
0000095f  CS_IRQHandler                      
0000095f  DMA_ERR_IRQHandler                 
0000095f  DMA_INT0_IRQHandler                
0000095f  DMA_INT1_IRQHandler                
0000095f  DMA_INT2_IRQHandler                
0000095f  DMA_INT3_IRQHandler                
0000095f  DebugMon_Handler                   
0000095f  Default_Handler                    
0000095f  EUSCIA0_IRQHandler                 
0000095f  EUSCIA1_IRQHandler                 
0000095f  EUSCIA2_IRQHandler                 
0000095f  EUSCIA3_IRQHandler                 
0000095f  EUSCIB0_IRQHandler                 
0000095f  EUSCIB1_IRQHandler                 
0000095f  EUSCIB2_IRQHandler                 
0000095f  EUSCIB3_IRQHandler                 
0000095f  FLCTL_IRQHandler                   
0000095f  FPU_IRQHandler                     
0000095f  HardFault_Handler                  
0000095f  MemManage_Handler                  
0000095f  NMI_Handler                        
0000095f  PCM_IRQHandler                     
0000095f  PORT1_IRQHandler                   
0000095f  PORT2_IRQHandler                   
0000095f  PORT3_IRQHandler                   
0000095f  PORT4_IRQHandler                   
0000095f  PORT5_IRQHandler                   
0000095f  PORT6_IRQHandler                   
0000095f  PSS_IRQHandler                     
0000095f  PendSV_Handler                     
0000095f  RTC_C_IRQHandler                   
0000095f  SVC_Handler                        
0000095f  SysTick_Handler                    
0000095f  T32_INT1_IRQHandler                
0000095f  T32_INT2_IRQHandler                
0000095f  T32_INTC_IRQHandler                
0000095f  TA0_0_IRQHandler                   
0000095f  TA0_N_IRQHandler                   
0000095f  TA1_0_IRQHandler                   
0000095f  TA1_N_IRQHandler                   
0000095f  TA2_0_IRQHandler                   
0000095f  TA2_N_IRQHandler                   
0000095f  TA3_0_IRQHandler                   
0000095f  TA3_N_IRQHandler                   
0000095f  UsageFault_Handler                 
0000095f  WDT_A_IRQHandler                   
00000961  _system_pre_init                   
00000965  C$$EXIT                            
00000965  abort                              
00000970  __TI_Handler_Table_Base            
00000978  __TI_CINIT_Base                    
00000978  __TI_Handler_Table_Limit           
00000980  __TI_CINIT_Limit                   
20000000  SystemCoreClock                    
20000000  __start___llvm_prf_cnts            
20000000  __stop___llvm_prf_cnts             
2000fe00  __stack                            
20010000  __STACK_END                        
4000480c  WDTCTL_SYM                         
ffffffff  __TI_pprof_out_hndl                
ffffffff  __TI_prof_data_size                
ffffffff  __TI_prof_data_start               
ffffffff  __binit__                          
ffffffff  __c_args__                         
ffffffff  binit                              
UNDEFED   Clock_Delay1ms                     
UNDEFED   __mpu_init                         
UNDEFED   _system_post_cinit                 

[96 symbols]
